CREATE OR REPLACE PACKAGE TEST_JOB_PKG AS
  -- GET A TEST_JOB BY ID
  PROCEDURE GET(PID IN INTEGER, PCURSOR OUT SYS_REFCURSOR);
  
  -- GET A TEST_JOB BY NAME
  PROCEDURE GET(PNAME IN TEST_JOB.NAME%TYPE, PCURSOR OUT SYS_REFCURSOR);
  
  -- GET ALL THE TEST_JOBS
  PROCEDURE GET(PCURSOR OUT SYS_REFCURSOR);
  
  -- CREATE A NEW TEST_JOB
  PROCEDURE NEW(PJOB_TYPE IN TEST_JOB.JOB_TYPE%TYPE, PNAME IN TEST_JOB.NAME%TYPE, PDESC IN TEST_JOB.DESCRIPTION%TYPE, PID IN TEST_JOB.ID%TYPE DEFAULT SEQ_TEST_JOB_ID.NEXTVAL);
  
  -- UPDATE A TEST_JOB BY ID
  PROCEDURE UPDATETESTJOB(PID IN TEST_JOB.ID%TYPE, PJOB_TYPE IN TEST_JOB.JOB_TYPE%TYPE, PNAME IN TEST_JOB.NAME%TYPE, PDESC IN TEST_JOB.DESCRIPTION%TYPE);
  
  -- DELETES A TEST_JOB BY ID
  PROCEDURE DELETE(PID IN TEST_JOB.ID%TYPE);
  
END TEST_JOB_PKG;